[dotenv@17.3.1] injecting env (11) from .env -- tip: 🤖 agentic secret storage: https://dotenvx.com/as2
Web Push VAPID: ⚠️ erreur init — Vapid public key should be 65 bytes long when decoded.
SUPABASE_URL: ✅ défini
GROQ_API_KEY: ✅ défini
✅ Serveur Solenn démarré sur port 3001
🤖 [Agents] Démarrage des sous-agents Solenn...
✅ [Agents] 4 agents actifs : Monitoring · Notifications · Tendances · RoutineAuto
   📅 Monitoring  : toutes les 2h (8h→22h)
   📅 Notifs      : 07:00 · 12:30 · 19:30
   📅 Tendances   : dimanche 18:00
   📅 RoutineAuto : 05:30 quotidien
[Agents] Notifications Soir → déclenchement
[Notifications] Lancement broadcast soir (19h30) — 0 users
[Notifications] Broadcast soir terminé — 0 envoyés, 0 erreurs
[Agents] Monitoring Santé → déclenchement
[Monitoring] Cycle terminé — 0 alertes, 0 erreurs, 0 users
[Agents] Monitoring Santé → déclenchement
[Monitoring] Cycle terminé — 0 alertes, 0 erreurs, 0 users
[Agents] Routine Auto → déclenchement
[RoutineAuto] Démarrage pré-génération — 0 users
[RoutineAuto] Terminé — 0 nouvelles, 0 en cache, 0 erreurs
[Agents] Notifications Matin → déclenchement
[Notifications] Lancement broadcast matin (07h00) — 0 users
[Notifications] Broadcast matin terminé — 0 envoyés, 0 erreurs
[Agents] Monitoring Santé → déclenchement
[Monitoring] Cycle terminé — 0 alertes, 0 erreurs, 0 users
[Agents] Monitoring Santé → déclenchement
[Monitoring] Cycle terminé — 0 alertes, 0 erreurs, 0 users
[Agents] Monitoring Santé → déclenchement
[Monitoring] Cycle terminé — 0 alertes, 0 erreurs, 0 users
[2026-05-21T12:52:21.654Z] [PID: 16000] [32m[NODE-CRON][32m [33m[WARN][0m missed execution at Thu May 21 2026 14:00:00 GMT+0200 (heure d’été d’Europe centrale)! Possible blocking IO or high CPU user at the same process used by node-cron.
